2026-10-06T13:43:36.095+09:00	GET	robots	200	0	https://bandai-hobby.net/robots.txt	https://bandai-hobby.net/robots.txt	
2026-10-06T13:43:37.295+09:00	GET	req-list	200	0	https://bandai-hobby.net/schedule/	https://bandai-hobby.net/schedule/	
2026-10-06T13:43:38.495+09:00	GET	pw-list	200	0	https://bandai-hobby.net/schedule/	https://bandai-hobby.net/schedule/	
2026-10-06T13:43:43.546+09:00	GET	pw-list	200	0	https://bandai-hobby.net/schedule/index.php?saledate=202611	https://bandai-hobby.net/schedule/index.php?saledate=202611	
2026-10-06T13:43:48.743+09:00	GET	pw-list	200	0	https://bandai-hobby.net/schedule/index.php?saledate=202609	https://bandai-hobby.net/schedule/index.php?saledate=202609	
2026-10-06T13:43:53.718+09:00	GET	pw-list	200	0	https://bandai-hobby.net/schedule/index.php?saledate=202607	https://bandai-hobby.net/schedule/index.php?saledate=202607	
2026-10-06T13:43:58.470+09:00	GET	pw-list	200	0	https://bandai-hobby.net/schedule/index.php?saledate=202510	https://bandai-hobby.net/schedule/index.php?saledate=202510	
2026-10-06T13:44:03.128+09:00	GET	pw-list	200	0	https://bandai-hobby.net/schedule/index.php?saledate=202410	https://bandai-hobby.net/schedule/index.php?saledate=202410	
2026-10-06T13:44:07.712+09:00	GET	pw-list	200	0	https://bandai-hobby.net/schedule/index.php?saledate=202210	https://bandai-hobby.net/schedule/index.php?saledate=202210	
2026-10-06T13:44:12.320+09:00	GET	pw-list	200	0	https://bandai-hobby.net/schedule/index.php?saledate=202010	https://bandai-hobby.net/schedule/index.php?saledate=202010	
2026-10-06T13:44:16.347+09:00	GET	pw-list	200	0	https://bandai-hobby.net/schedule/index.php?saledate=201810	https://bandai-hobby.net/schedule/index.php?saledate=201810	
2026-10-06T13:44:20.820+09:00	GET	pw-list	200	0	https://bandai-hobby.net/schedule/index.php?saledate=201510	https://bandai-hobby.net/schedule/index.php?saledate=201510	
2026-10-06T13:44:25.845+09:00	GET	pw-list	200	0	https://bandai-hobby.net/schedule/index.php?saledate=201010	https://bandai-hobby.net/schedule/index.php?saledate=201010	
2026-10-06T13:44:30.491+09:00	GET	pw-list	200	0	https://bandai-hobby.net/schedule/index.php?saledate=200510	https://bandai-hobby.net/schedule/index.php?saledate=200510	
2026-10-06T13:44:34.710+09:00	GET	pw-list	200	0	https://bandai-hobby.net/schedule/index.php?saledate=199510	https://bandai-hobby.net/schedule/index.php?saledate=199510	
2026-10-06T13:44:44.151+09:00	GET	pw-list	200	0	https://bandai-hobby.net/schedule/index.php?saledate=199307	https://bandai-hobby.net/schedule/index.php?saledate=199307	
2026-10-06T13:44:48.599+09:00	GET	pw-list	200	0	https://bandai-hobby.net/schedule/index.php?saledate=199007	https://bandai-hobby.net/schedule/index.php?saledate=199007	
2026-10-06T13:44:52.970+09:00	GET	pw-list	200	0	https://bandai-hobby.net/schedule/index.php?saledate=198507	https://bandai-hobby.net/schedule/index.php?saledate=198507	
2026-10-06T13:44:56.793+09:00	GET	pw-list	200	0	https://bandai-hobby.net/schedule/index.php?saledate=198007	https://bandai-hobby.net/schedule/index.php?saledate=198007	
2026-10-06T13:45:05.649+09:00	GET	pw-list	200	0	https://bandai-hobby.net/schedule/index.php?saledate=198010	https://bandai-hobby.net/schedule/index.php?saledate=198010	
2026-10-06T13:45:10.352+09:00	GET	pw-list	200	0	https://bandai-hobby.net/brand/rg/	https://bandai-hobby.net/brand/rg/	
2026-10-06T13:45:14.989+09:00	GET	pw-detail	200	0	https://bandai-hobby.net/item/01_4257/	https://bandai-hobby.net/item/01_4257/	
2026-10-06T13:45:19.788+09:00	GET	pw-detail	200	0	https://bandai-hobby.net/item/01_7249/	https://bandai-hobby.net/item/01_7249/	
2026-10-06T13:45:24.525+09:00	GET	pw-detail	200	0	https://bandai-hobby.net/item/01_7142/	https://bandai-hobby.net/item/01_7142/	
2026-10-06T13:45:28.950+09:00	GET	pw-detail	200	0	https://bandai-hobby.net/item/01_7260/	https://bandai-hobby.net/item/01_7260/	
2026-10-06T13:45:33.211+09:00	GET	pw-detail	200	0	https://bandai-hobby.net/item/01_7263/	https://bandai-hobby.net/item/01_7263/	
2026-10-06T13:45:37.217+09:00	GET	pw-detail	200	0	https://bandai-hobby.net/item/01_4259/	https://bandai-hobby.net/item/01_4259/	
2026-10-06T13:45:41.911+09:00	GET	pw-detail	200	0	https://bandai-hobby.net/item/01_6753/	https://bandai-hobby.net/item/01_6753/	
2026-10-06T13:45:45.927+09:00	GET	pw-detail	200	0	https://bandai-hobby.net/item/01_7135/	https://bandai-hobby.net/item/01_7135/	
2026-10-06T13:45:50.020+09:00	GET	pw-detail	200	0	https://bandai-hobby.net/item/01_7145/	https://bandai-hobby.net/item/01_7145/	
2026-10-06T13:45:54.347+09:00	GET	pw-detail	200	0	https://bandai-hobby.net/item/01_1547/	https://bandai-hobby.net/item/01_1547/	
2026-10-06T13:45:58.610+09:00	GET	pw-detail	200	0	https://bandai-hobby.net/item/01_52/	https://bandai-hobby.net/item/01_52/	
2026-10-06T13:46:03.145+09:00	GET	pw-detail	200	0	https://bandai-hobby.net/item/01_6969/	https://bandai-hobby.net/item/01_6969/	
2026-10-06T13:46:07.250+09:00	GET	pw-detail	200	0	https://bandai-hobby.net/item/01_7414/	https://bandai-hobby.net/item/01_7414/	
2026-10-06T13:46:14.607+09:00	GET	pw-detail	200	0	https://bandai-hobby.net/item/01_5373/	https://bandai-hobby.net/item/01_5373/	
2026-10-06T13:46:19.380+09:00	GET	pw-detail	200	0	https://bandai-hobby.net/item/01_3024/	https://bandai-hobby.net/item/01_3024/	
2026-10-06T13:46:24.341+09:00	GET	pw-detail	200	0	https://bandai-hobby.net/item/01_2909/	https://bandai-hobby.net/item/01_2909/	
2026-10-06T13:46:29.027+09:00	GET	pw-detail	200	0	https://bandai-hobby.net/item/01_7365/	https://bandai-hobby.net/item/01_7365/	
2026-10-06T13:46:33.780+09:00	GET	req-detail	200	0	https://bandai-hobby.net/item/01_4257/	https://bandai-hobby.net/item/01_4257/	
2026-10-06T13:46:34.980+09:00	GET	pw-list	200	0	https://bandai-hobby.net/item_all/	https://bandai-hobby.net/item_all/	
2026-10-06T13:46:41.582+09:00	GET	pw-list	200	0	https://bandai-hobby.net/brand/30ms/	https://bandai-hobby.net/brand/30ms/	
2026-10-06T13:46:47.045+09:00	GET	robots	200	1	https://p-bandai.jp/robots.txt	https://p-bandai.jp/global_newpc.html	
2026-10-06T13:46:48.245+09:00	GET	pw-list	200	1	https://p-bandai.jp/	https://p-bandai.jp/global_newpc.html	
2026-10-06T13:46:50.021+09:00	GET	pw-list	200	1	https://p-bandai.jp/hobby/	https://p-bandai.jp/global_newpc.html	
2026-10-06T13:46:51.636+09:00	GET	pw-detail	200	1	https://p-bandai.jp/item/item-1000188677	https://p-bandai.jp/global_newpc.html	
2026-10-06T13:46:53.833+09:00	GET	robots	200	0	https://p-bandai.com/robots.txt	https://p-bandai.com/robots.txt	
2026-10-06T13:46:55.033+09:00	GET	pw-list	200	0	https://p-bandai.com/us/	https://p-bandai.com/us/	
2026-10-06T13:46:57.470+09:00	GET	pw-detail	200	0	https://p-bandai.com/us/item/F2423965005	https://p-bandai.com/us/item/F2423965005	
2026-10-06T13:46:59.738+09:00	GET	pw-detail	200	0	https://p-bandai.com/us/item/F2835905002	https://p-bandai.com/us/item/F2835905002	
2026-10-06T13:47:01.644+09:00	GET	robots	200	0	https://www.joyhobby.co.kr/robots.txt	https://www.joyhobby.co.kr/robots.txt	
2026-10-06T13:47:02.844+09:00	GET	pw-list	200	1	https://www.joyhobby.co.kr/	https://www.joyhobby.co.kr/mall/main.asp?siteid=joyhobby&	
2026-10-06T13:47:06.882+09:00	GET	pw-list	200	0	https://www.joyhobby.co.kr/mall/board_list.asp?siteid=joyhobby&BoardCode=notice	https://www.joyhobby.co.kr/mall/board_list.asp?siteid=joyhobby&BoardCode=notice	
2026-10-06T13:47:10.054+09:00	GET	pw-list	200	0	https://www.joyhobby.co.kr/mall/board_list.asp?siteid=joyhobby&BoardCode=notice&nowPage=2	https://www.joyhobby.co.kr/mall/board_list.asp?siteid=joyhobby&BoardCode=notice&nowPage=2	
2026-10-06T13:47:12.950+09:00	GET	pw-detail	200	0	https://www.joyhobby.co.kr/mall/board_view.asp?SiteID=joyhobby&BoardCode=notice&B_iID=139459	https://www.joyhobby.co.kr/mall/board_view.asp?SiteID=joyhobby&BoardCode=notice&B_iID=139459	
2026-10-06T13:47:15.782+09:00	GET	pw-detail	200	0	https://www.joyhobby.co.kr/mall/board_view.asp?SiteID=joyhobby&BoardCode=notice&B_iID=139506	https://www.joyhobby.co.kr/mall/board_view.asp?SiteID=joyhobby&BoardCode=notice&B_iID=139506	
2026-10-06T13:47:18.902+09:00	GET	pw-detail	200	0	https://www.joyhobby.co.kr/mall/board_view.asp?SiteID=joyhobby&BoardCode=notice&B_iID=139432	https://www.joyhobby.co.kr/mall/board_view.asp?SiteID=joyhobby&BoardCode=notice&B_iID=139432	
2026-10-06T13:47:21.805+09:00	GET	pw-detail	200	0	https://www.joyhobby.co.kr/mall/board_view.asp?SiteID=joyhobby&BoardCode=notice&B_iID=139407	https://www.joyhobby.co.kr/mall/board_view.asp?SiteID=joyhobby&BoardCode=notice&B_iID=139407	
2026-10-06T13:47:24.419+09:00	GET	pw-detail	200	0	https://www.joyhobby.co.kr/mall/Item.asp?siteid=joyhobby&productcode=BD5063505	https://www.joyhobby.co.kr/mall/Item.asp?siteid=joyhobby&productcode=BD5063505	
2026-10-06T13:47:29.092+09:00	GET	pw-list	200	0	https://www.joyhobby.co.kr/mall/NewGoods.asp?siteid=joyhobby	https://www.joyhobby.co.kr/mall/NewGoods.asp?siteid=joyhobby	
2026-10-06T13:47:31.713+09:00	GET	pw-list	200	0	https://www.joyhobby.co.kr/mall/ipgo.asp?siteid=joyhobby	https://www.joyhobby.co.kr/mall/ipgo.asp?siteid=joyhobby	
2026-10-06T13:47:33.988+09:00	GET	pw-list	200	0	https://bandai-hobby.net/schedule/	https://bandai-hobby.net/schedule/	
2026-10-06T13:47:38.996+09:00	GET	pw-detail	200	0	https://bandai-hobby.net/item/01_7249/	https://bandai-hobby.net/item/01_7249/	
2026-10-06T13:49:07.349+09:00	GET	img-stale-probe	403	0	https://d3bk8pkqsprcvh.cloudfront.net/hobby/jp/product/2026/02/nAkRXCP3PyDdcRaR/lvQt1cyiPz4BI2sx.jpg		
