2026-10-06T01:53:42.526+09:00	GET	robots	200	0	https://bandai-hobby.net/robots.txt	https://bandai-hobby.net/robots.txt	
2026-10-06T01:53:43.671+09:00	GET	robots	200	1	https://p-bandai.jp/robots.txt	https://p-bandai.jp/global_newpc.html	
2026-10-06T01:53:44.635+09:00	GET	robots	200	0	https://www.joyhobby.co.kr/robots.txt	https://www.joyhobby.co.kr/robots.txt	
2026-10-06T01:55:15.514+09:00	GET	pw-list	200	0	https://bandai-hobby.net/	https://bandai-hobby.net/	
2026-10-06T01:55:37.461+09:00	GET	pw-list	200	0	https://bandai-hobby.net/schedule/	https://bandai-hobby.net/schedule/	
2026-10-06T01:56:35.696+09:00	GET	pw-list	200	0	https://bandai-hobby.net/schedule/index.php?saledate=202611	https://bandai-hobby.net/schedule/index.php?saledate=202611	
2026-10-06T01:56:39.332+09:00	GET	pw-list	200	0	https://bandai-hobby.net/schedule/index.php?saledate=202609	https://bandai-hobby.net/schedule/index.php?saledate=202609	
2026-10-06T01:56:42.813+09:00	GET	pw-list	200	0	https://bandai-hobby.net/schedule/index.php?saledate=202510	https://bandai-hobby.net/schedule/index.php?saledate=202510	
2026-10-06T01:56:46.149+09:00	GET	pw-list	200	0	https://bandai-hobby.net/schedule/index.php?saledate=202410	https://bandai-hobby.net/schedule/index.php?saledate=202410	
2026-10-06T01:56:49.556+09:00	GET	pw-list	200	0	https://bandai-hobby.net/schedule/index.php?saledate=202210	https://bandai-hobby.net/schedule/index.php?saledate=202210	
2026-10-06T01:56:52.973+09:00	GET	pw-list	200	0	https://bandai-hobby.net/schedule/index.php?saledate=202010	https://bandai-hobby.net/schedule/index.php?saledate=202010	
2026-10-06T01:56:56.288+09:00	GET	pw-list	200	0	https://bandai-hobby.net/schedule/index.php?saledate=201810	https://bandai-hobby.net/schedule/index.php?saledate=201810	
2026-10-06T01:56:59.748+09:00	GET	pw-list	200	0	https://bandai-hobby.net/schedule/index.php?saledate=201510	https://bandai-hobby.net/schedule/index.php?saledate=201510	
2026-10-06T01:57:02.817+09:00	GET	pw-list	200	0	https://bandai-hobby.net/schedule/index.php?saledate=201010	https://bandai-hobby.net/schedule/index.php?saledate=201010	
2026-10-06T01:57:06.010+09:00	GET	pw-list	200	0	https://bandai-hobby.net/schedule/index.php?saledate=200510	https://bandai-hobby.net/schedule/index.php?saledate=200510	
2026-10-06T01:57:13.589+09:00	GET	pw-list	200	0	https://bandai-hobby.net/schedule/index.php?saledate=199510	https://bandai-hobby.net/schedule/index.php?saledate=199510	
2026-10-06T01:57:16.888+09:00	GET	pw-list	200	0	https://bandai-hobby.net/schedule/index.php?saledate=198010	https://bandai-hobby.net/schedule/index.php?saledate=198010	
2026-10-06T01:57:33.085+09:00	GET	pw-list	200	0	https://bandai-hobby.net/news/	https://bandai-hobby.net/news/	
2026-10-06T01:57:44.864+09:00	GET	pw-detail	200	0	https://bandai-hobby.net/item/01_4257/	https://bandai-hobby.net/item/01_4257/	
2026-10-06T01:58:20.268+09:00	GET	pw-list	200	0	https://bandai-hobby.net/site/schedule.html	https://bandai-hobby.net/site/schedule.html	
2026-10-06T01:58:22.451+09:00	GET	pw-list	200	0	https://bandai-hobby.net/news/?cat=new_product	https://bandai-hobby.net/news/?cat=new_product	
2026-10-06T01:58:46.326+09:00	GET	pw-list	200	0	https://bandai-hobby.net/news/?cat=online_shop	https://bandai-hobby.net/news/?cat=online_shop	
2026-10-06T01:58:49.628+09:00	GET	pw-list	200	1	https://p-bandai.jp/	https://p-bandai.jp/global_newpc.html	
2026-10-06T01:59:11.775+09:00	GET	pw-list	200	0	https://bandai-hobby.net/item_all/	https://bandai-hobby.net/item_all/	
2026-10-06T01:59:38.351+09:00	GET	pw-list	200	0	https://bandai-hobby.net/characterplastic/	https://bandai-hobby.net/characterplastic/	
2026-10-06T02:01:32.022+09:00	GET	req-list	200	0	https://bandai-hobby.net/schedule/	https://bandai-hobby.net/schedule/	
2026-10-06T02:01:33.280+09:00	GET	pw-list	200	0	https://bandai-hobby.net/schedule/index.php?saledate=202607	https://bandai-hobby.net/schedule/index.php?saledate=202607	
2026-10-06T02:01:38.904+09:00	GET	pw-detail	200	0	https://bandai-hobby.net/item/01_7249/	https://bandai-hobby.net/item/01_7249/	
2026-10-06T02:01:42.844+09:00	GET	pw-detail	200	0	https://bandai-hobby.net/item/01_7142/	https://bandai-hobby.net/item/01_7142/	
2026-10-06T02:01:46.223+09:00	GET	pw-detail	200	0	https://bandai-hobby.net/item/01_7260/	https://bandai-hobby.net/item/01_7260/	
2026-10-06T02:01:49.614+09:00	GET	pw-detail	200	0	https://bandai-hobby.net/item/01_7263/	https://bandai-hobby.net/item/01_7263/	
2026-10-06T02:01:52.715+09:00	GET	pw-detail	200	0	https://bandai-hobby.net/item/01_4259/	https://bandai-hobby.net/item/01_4259/	
2026-10-06T02:01:57.319+09:00	GET	pw-detail	200	0	https://bandai-hobby.net/item/01_6753/	https://bandai-hobby.net/item/01_6753/	
2026-10-06T02:02:00.616+09:00	GET	pw-detail	200	0	https://bandai-hobby.net/item/01_7135/	https://bandai-hobby.net/item/01_7135/	
2026-10-06T02:02:03.972+09:00	GET	pw-detail	200	0	https://bandai-hobby.net/item/01_7145/	https://bandai-hobby.net/item/01_7145/	
2026-10-06T02:02:07.450+09:00	GET	pw-detail	200	0	https://bandai-hobby.net/item/01_1547/	https://bandai-hobby.net/item/01_1547/	
2026-10-06T02:02:11.077+09:00	GET	pw-detail	200	0	https://bandai-hobby.net/item/01_52/	https://bandai-hobby.net/item/01_52/	
2026-10-06T02:02:14.918+09:00	GET	pw-detail	200	0	https://bandai-hobby.net/item/01_6969/	https://bandai-hobby.net/item/01_6969/	
2026-10-06T02:02:18.229+09:00	GET	pw-detail	200	0	https://bandai-hobby.net/item/01_7414/	https://bandai-hobby.net/item/01_7414/	
2026-10-06T02:02:22.092+09:00	GET	pw-detail	200	0	https://bandai-hobby.net/item/01_5373/	https://bandai-hobby.net/item/01_5373/	
2026-10-06T02:02:26.465+09:00	GET	pw-detail	200	0	https://bandai-hobby.net/item/01_3024/	https://bandai-hobby.net/item/01_3024/	
2026-10-06T02:02:31.131+09:00	GET	pw-detail	200	0	https://bandai-hobby.net/item/01_2909/	https://bandai-hobby.net/item/01_2909/	
2026-10-06T02:02:36.192+09:00	GET	pw-list	200	0	https://bandai-hobby.net/brand/30ms/	https://bandai-hobby.net/brand/30ms/	
2026-10-06T02:03:33.366+09:00	GET	req-list	200	0	https://bandai-hobby.net/schedule/	https://bandai-hobby.net/schedule/	
2026-10-06T02:03:34.567+09:00	GET	pw-list	200	0	https://bandai-hobby.net/schedule/index.php?saledate=199307	https://bandai-hobby.net/schedule/index.php?saledate=199307	
2026-10-06T02:03:37.988+09:00	GET	pw-list	200	0	https://bandai-hobby.net/schedule/index.php?saledate=199007	https://bandai-hobby.net/schedule/index.php?saledate=199007	
2026-10-06T02:03:41.293+09:00	GET	pw-list	200	0	https://bandai-hobby.net/schedule/index.php?saledate=198507	https://bandai-hobby.net/schedule/index.php?saledate=198507	
2026-10-06T02:03:44.694+09:00	GET	pw-list	200	0	https://bandai-hobby.net/schedule/index.php?saledate=198007	https://bandai-hobby.net/schedule/index.php?saledate=198007	
2026-10-06T02:03:47.890+09:00	GET	pw-list	200	0	https://bandai-hobby.net/brand/rg/	https://bandai-hobby.net/brand/rg/	
2026-10-06T02:04:00.739+09:00	GET	pw-detail	200	0	https://bandai-hobby.net/item/01_7365/	https://bandai-hobby.net/item/01_7365/	
2026-10-06T02:04:04.163+09:00	GET	req-detail	200	0	https://bandai-hobby.net/item/01_4257/	https://bandai-hobby.net/item/01_4257/	
2026-10-06T02:04:27.410+09:00	GET	pw-list	200	1	https://p-bandai.jp/hobby/	https://p-bandai.jp/global_newpc.html	
2026-10-06T02:04:29.885+09:00	GET	pw-detail	200	1	https://p-bandai.jp/item/item-1000188677	https://p-bandai.jp/global_newpc.html	
2026-10-06T02:04:31.778+09:00	GET	robots-alt	200	0	https://p-bandai.com/robots.txt	https://p-bandai.com/robots.txt	
2026-10-06T02:04:52.561+09:00	GET	robots	200	0	https://p-bandai.com/robots.txt	https://p-bandai.com/robots.txt	
2026-10-06T02:04:53.751+09:00	GET	pw-list	200	0	https://p-bandai.com/us/	https://p-bandai.com/us/	
2026-10-06T02:05:22.831+09:00	GET	pw-detail	200	0	https://p-bandai.com/us/item/F2423965005	https://p-bandai.com/us/item/F2423965005	
2026-10-06T02:05:34.251+09:00	GET	pw-list	200	0	https://p-bandai.com/us/news/463	https://p-bandai.com/us/news/463	
2026-10-06T02:05:46.928+09:00	GET	pw-detail	200	0	https://p-bandai.com/us/item/F2835905002	https://p-bandai.com/us/item/F2835905002	
2026-10-06T02:05:49.124+09:00	GET	pw-list	200	0	https://p-bandai.com/us/sitemap.xml	https://p-bandai.com/us/sitemap.xml	
2026-10-06T02:07:01.652+09:00	GET	pw-list	200	1	https://www.joyhobby.co.kr/	https://www.joyhobby.co.kr/mall/main.asp?siteid=joyhobby&	
2026-10-06T02:07:23.009+09:00	GET	pw-list	200	0	https://www.joyhobby.co.kr/mall/ipgo.asp?siteid=joyhobby	https://www.joyhobby.co.kr/mall/ipgo.asp?siteid=joyhobby	
2026-10-06T02:07:25.244+09:00	GET	pw-list	200	0	https://www.joyhobby.co.kr/mall/board_list.asp?siteid=joyhobby&BoardCode=notice	https://www.joyhobby.co.kr/mall/board_list.asp?siteid=joyhobby&BoardCode=notice	
2026-10-06T02:07:46.451+09:00	GET	pw-detail	200	0	https://www.joyhobby.co.kr/mall/board_view.asp?SiteID=joyhobby&BoardCode=notice&B_iID=139506	https://www.joyhobby.co.kr/mall/board_view.asp?SiteID=joyhobby&BoardCode=notice&B_iID=139506	
2026-10-06T02:07:48.870+09:00	GET	pw-detail	200	0	https://www.joyhobby.co.kr/mall/board_view.asp?SiteID=joyhobby&BoardCode=notice&B_iID=139459	https://www.joyhobby.co.kr/mall/board_view.asp?SiteID=joyhobby&BoardCode=notice&B_iID=139459	
2026-10-06T02:07:51.052+09:00	GET	pw-detail	200	0	https://www.joyhobby.co.kr/mall/board_view.asp?SiteID=joyhobby&BoardCode=notice&B_iID=139432	https://www.joyhobby.co.kr/mall/board_view.asp?SiteID=joyhobby&BoardCode=notice&B_iID=139432	
2026-10-06T02:09:04.519+09:00	GET	pw-list	200	0	https://www.joyhobby.co.kr/mall/board_list.asp?siteid=joyhobby&BoardCode=notice&nowPage=2	https://www.joyhobby.co.kr/mall/board_list.asp?siteid=joyhobby&BoardCode=notice&nowPage=2	
2026-10-06T02:09:08.158+09:00	GET	pw-detail	200	0	https://www.joyhobby.co.kr/mall/board_view.asp?SiteID=joyhobby&BoardCode=notice&B_iID=139407	https://www.joyhobby.co.kr/mall/board_view.asp?SiteID=joyhobby&BoardCode=notice&B_iID=139407	
2026-10-06T02:09:10.270+09:00	GET	pw-detail	200	0	https://www.joyhobby.co.kr/mall/Item.asp?siteid=joyhobby&productcode=BD5063505	https://www.joyhobby.co.kr/mall/Item.asp?siteid=joyhobby&productcode=BD5063505	
2026-10-06T02:09:12.895+09:00	GET	pw-list	200	0	https://www.joyhobby.co.kr/mall/NewGoods.asp?siteid=joyhobby	https://www.joyhobby.co.kr/mall/NewGoods.asp?siteid=joyhobby	
2026-10-06T02:09:36.344+09:00	GET	pw-detail	200	0	https://www.joyhobby.co.kr/mall/Item.asp?siteid=joyhobby&productcode=ANN26713	https://www.joyhobby.co.kr/mall/Item.asp?siteid=joyhobby&productcode=ANN26713	
2026-10-06T02:11:20.094+09:00	GET	pw-list	200	0	https://bandai-hobby.net/schedule/	https://bandai-hobby.net/schedule/	
2026-10-06T02:11:23.788+09:00	GET	pw-detail	200	0	https://bandai-hobby.net/item/01_7249/	https://bandai-hobby.net/item/01_7249/	
2026-10-06T02:13:02.903+09:00	GET	pw-list	200	0	https://bandai-hobby.net/schedule/	https://bandai-hobby.net/schedule/	
2026-10-06T02:13:05.711+09:00	GET	pw-detail	200	0	https://bandai-hobby.net/item/01_7249/	https://bandai-hobby.net/item/01_7249/	
2026-10-06T02:14:14.250+09:00	GET	img-stale-probe	403	0	https://d3bk8pkqsprcvh.cloudfront.net/hobby/jp/product/2025/03/g7yZpN7SIAMhBxUF/OyvqDY3hgoeZrFtq.jpg		
